[INFO] Scanning for projects...
[INFO] 
[INFO] ---------------------< com.cms:complaint-backend >----------------------
[INFO] Building complaint-backend 0.0.1-SNAPSHOT
[INFO]   from pom.xml
[INFO] --------------------------------[ jar ]---------------------------------
[INFO] 
[INFO] --- clean:3.5.0:clean (default-clean) @ complaint-backend ---
[INFO] Deleting C:\Users\shrav\Documents\workspace-spring-tools-for-eclipse-5.0.0.RELEASE\complaint-backend\target
[INFO] 
[INFO] --- resources:3.3.1:resources (default-resources) @ complaint-backend ---
[INFO] Copying 1 resource from src\main\resources to target\classes
[INFO] Copying 1 resource from src\main\resources to target\classes
[INFO] 
[INFO] --- compiler:3.14.1:compile (default-compile) @ complaint-backend ---
[INFO] Recompiling the module because of changed source code.
[INFO] Compiling 17 source files with javac [debug parameters release 17] to target\classes
[INFO] 
[INFO] --- resources:3.3.1:testResources (default-testResources) @ complaint-backend ---
[INFO] skip non existing resourceDirectory C:\Users\shrav\Documents\workspace-spring-tools-for-eclipse-5.0.0.RELEASE\complaint-backend\src\test\resources
[INFO] 
[INFO] --- compiler:3.14.1:testCompile (default-testCompile) @ complaint-backend ---
[INFO] Recompiling the module because of changed dependency.
[INFO] Compiling 1 source file with javac [debug parameters release 17] to target\test-classes
[INFO] 
[INFO] --- surefire:3.5.4:test (default-test) @ complaint-backend ---
[INFO] Tests are skipped.
[INFO] 
[INFO] --- jar:3.4.2:jar (default-jar) @ complaint-backend ---
[INFO] Building jar: C:\Users\shrav\Documents\workspace-spring-tools-for-eclipse-5.0.0.RELEASE\complaint-backend\target\complaint-backend-0.0.1-SNAPSHOT.jar
[INFO] 
[INFO] --- spring-boot:4.0.3:repackage (repackage) @ complaint-backend ---
[INFO] Replacing main artifact C:\Users\shrav\Documents\workspace-spring-tools-for-eclipse-5.0.0.RELEASE\complaint-backend\target\complaint-backend-0.0.1-SNAPSHOT.jar with repackaged archive, adding nested dependencies in BOOT-INF/.
[INFO] The original artifact has been renamed to C:\Users\shrav\Documents\workspace-spring-tools-for-eclipse-5.0.0.RELEASE\complaint-backend\target\complaint-backend-0.0.1-SNAPSHOT.jar.original
[INFO] ------------------------------------------------------------------------
[INFO] BUILD SUCCESS
[INFO] ------------------------------------------------------------------------
[INFO] Total time:  10.848 s
[INFO] Finished at: 2026-03-24T21:39:53+05:30
[INFO] ------------------------------------------------------------------------
