[INFO] Scanning for projects...
[INFO] 
[INFO] ---------------------< com.cms:complaint-backend >----------------------
[INFO] Building complaint-backend 0.0.1-SNAPSHOT
[INFO]   from pom.xml
[INFO] --------------------------------[ jar ]---------------------------------
[INFO] 
[INFO] >>> spring-boot:4.0.3:run (default-cli) > test-compile @ complaint-backend >>>
[INFO] 
[INFO] --- resources:3.3.1:resources (default-resources) @ complaint-backend ---
[INFO] Copying 1 resource from src\main\resources to target\classes
[INFO] Copying 1 resource from src\main\resources to target\classes
[INFO] 
[INFO] --- compiler:3.14.1:compile (default-compile) @ complaint-backend ---
[INFO] Nothing to compile - all classes are up to date.
[INFO] 
[INFO] --- resources:3.3.1:testResources (default-testResources) @ complaint-backend ---
[INFO] skip non existing resourceDirectory C:\Users\shrav\Documents\workspace-spring-tools-for-eclipse-5.0.0.RELEASE\complaint-backend\src\test\resources
[INFO] 
[INFO] --- compiler:3.14.1:testCompile (default-testCompile) @ complaint-backend ---
[INFO] Nothing to compile - all classes are up to date.
[INFO] 
[INFO] <<< spring-boot:4.0.3:run (default-cli) < test-compile @ complaint-backend <<<
[INFO] 
[INFO] 
[INFO] --- spring-boot:4.0.3:run (default-cli) @ complaint-backend ---
[INFO] Attaching agents: []

  .   ____          _            __ _ _
 /\\ / ___'_ __ _ _(_)_ __  __ _ \ \ \ \
( ( )\___ | '_ | '_| | '_ \/ _` | \ \ \ \
 \\/  ___)| |_)| | | | | || (_| |  ) ) ) )
  '  |____| .__|_| |_|_| |_\__, | / / / /
 =========|_|==============|___/=/_/_/_/

 :: Spring Boot ::                (v4.0.3)

2026-03-24T19:15:14.769+05:30  INFO 18192 --- [complaint-backend] [           main] com.cms.ComplaintBackendApplication      : Starting ComplaintBackendApplication using Java 21.0.8 with PID 18192 (C:\Users\shrav\Documents\workspace-spring-tools-for-eclipse-5.0.0.RELEASE\complaint-backend\target\classes started by shravan in C:\Users\shrav\Documents\workspace-spring-tools-for-eclipse-5.0.0.RELEASE\complaint-backend)
2026-03-24T19:15:14.775+05:30  INFO 18192 --- [complaint-backend] [           main] com.cms.ComplaintBackendApplication      : No active profile set, falling back to 1 default profile: "default"
2026-03-24T19:15:17.030+05:30  INFO 18192 --- [complaint-backend] [           main] .s.d.r.c.RepositoryConfigurationDelegate : Bootstrapping Spring Data JPA repositories in DEFAULT mode.
2026-03-24T19:15:17.208+05:30  INFO 18192 --- [complaint-backend] [           main] .s.d.r.c.RepositoryConfigurationDelegate : Finished Spring Data repository scanning in 153 ms. Found 1 JPA repository interface.
2026-03-24T19:15:18.933+05:30  INFO 18192 --- [complaint-backend] [           main] o.s.boot.tomcat.TomcatWebServer          : Tomcat initialized with port 8081 (http)
2026-03-24T19:15:18.991+05:30  INFO 18192 --- [complaint-backend] [           main] o.apache.catalina.core.StandardService   : Starting service [Tomcat]
2026-03-24T19:15:18.993+05:30  INFO 18192 --- [complaint-backend] [           main] o.apache.catalina.core.StandardEngine    : Starting Servlet engine: [Apache Tomcat/11.0.18]
2026-03-24T19:15:19.193+05:30  INFO 18192 --- [complaint-backend] [           main] b.w.c.s.WebApplicationContextInitializer : Root WebApplicationContext: initialization completed in 4275 ms
2026-03-24T19:15:19.668+05:30  INFO 18192 --- [complaint-backend] [           main] org.hibernate.orm.jpa                    : HHH008540: Processing PersistenceUnitInfo [name: default]
2026-03-24T19:15:19.879+05:30  INFO 18192 --- [complaint-backend] [           main] org.hibernate.orm.core                   : HHH000001: Hibernate ORM core version 7.2.4.Final
2026-03-24T19:15:21.806+05:30  INFO 18192 --- [complaint-backend] [           main] o.s.o.j.p.SpringPersistenceUnitInfo      : No LoadTimeWeaver setup: ignoring JPA class transformer
2026-03-24T19:15:21.914+05:30  INFO 18192 --- [complaint-backend] [           main] com.zaxxer.hikari.HikariDataSource       : HikariPool-1 - Starting...
2026-03-24T19:15:22.557+05:30  INFO 18192 --- [complaint-backend] [           main] com.zaxxer.hikari.pool.HikariPool        : HikariPool-1 - Added connection conn0: url=jdbc:h2:mem:complaintsdb user=SA
2026-03-24T19:15:22.564+05:30  INFO 18192 --- [complaint-backend] [           main] com.zaxxer.hikari.HikariDataSource       : HikariPool-1 - Start completed.
2026-03-24T19:15:22.645+05:30  WARN 18192 --- [complaint-backend] [           main] org.hibernate.orm.deprecation            : HHH90000025: H2Dialect does not need to be specified explicitly using 'hibernate.dialect' (remove the property setting and it will be selected by default)
2026-03-24T19:15:22.721+05:30  INFO 18192 --- [complaint-backend] [           main] org.hibernate.orm.connections.pooling    : HHH10001005: Database info:
	Database JDBC URL [jdbc:h2:mem:complaintsdb]
	Database driver: H2 JDBC Driver
	Database dialect: H2Dialect
	Database version: 2.4.240
	Default catalog/schema: COMPLAINTSDB/PUBLIC
	Autocommit mode: undefined/unknown
	Isolation level: READ_COMMITTED [default READ_COMMITTED]
	JDBC fetch size: 100
	Pool: DataSourceConnectionProvider
	Minimum pool size: undefined/unknown
	Maximum pool size: undefined/unknown
2026-03-24T19:15:25.563+05:30  INFO 18192 --- [complaint-backend] [           main] org.hibernate.orm.core                   : HHH000489: No JTA platform available (set 'hibernate.transaction.jta.platform' to enable JTA platform integration)
Hibernate: create table complaints (id bigint generated by default as identity, category varchar(255), created_at timestamp(6), description varchar(255), priority varchar(255), status varchar(255), title varchar(255), primary key (id))
2026-03-24T19:15:25.800+05:30  INFO 18192 --- [complaint-backend] [           main] j.LocalContainerEntityManagerFactoryBean : Initialized JPA EntityManagerFactory for persistence unit 'default'
2026-03-24T19:15:26.083+05:30  INFO 18192 --- [complaint-backend] [           main] o.s.d.j.r.query.QueryEnhancerFactories   : Hibernate is in classpath; If applicable, HQL parser will be used.
2026-03-24T19:15:26.432+05:30  WARN 18192 --- [complaint-backend] [           main] JpaBaseConfiguration$JpaWebConfiguration : spring.jpa.open-in-view is enabled by default. Therefore, database queries may be performed during view rendering. Explicitly configure spring.jpa.open-in-view to disable this warning
2026-03-24T19:15:27.228+05:30  INFO 18192 --- [complaint-backend] [           main] o.s.b.h.a.H2ConsoleAutoConfiguration     : H2 console available at '/h2-console'. Database available at 'jdbc:h2:mem:complaintsdb'
2026-03-24T19:15:27.454+05:30  INFO 18192 --- [complaint-backend] [           main] o.s.boot.tomcat.TomcatWebServer          : Tomcat started on port 8081 (http) with context path '/'
2026-03-24T19:15:27.475+05:30  INFO 18192 --- [complaint-backend] [           main] com.cms.ComplaintBackendApplication      : Started ComplaintBackendApplication in 14.147 seconds (process running for 15.529)
2026-03-24T19:15:41.423+05:30  INFO 18192 --- [complaint-backend] [nio-8081-exec-1] o.a.c.c.C.[Tomcat].[localhost].[/]       : Initializing Spring DispatcherServlet 'dispatcherServlet'
2026-03-24T19:15:41.423+05:30  INFO 18192 --- [complaint-backend] [nio-8081-exec-1] o.s.web.servlet.DispatcherServlet        : Initializing Servlet 'dispatcherServlet'
2026-03-24T19:15:41.430+05:30  INFO 18192 --- [complaint-backend] [nio-8081-exec-1] o.s.web.servlet.DispatcherServlet        : Completed initialization in 7 ms
Hibernate: select c1_0.id,c1_0.category,c1_0.created_at,c1_0.description,c1_0.priority,c1_0.status,c1_0.title from complaints c1_0
Hibernate: select c1_0.id,c1_0.category,c1_0.created_at,c1_0.description,c1_0.priority,c1_0.status,c1_0.title from complaints c1_0
Hibernate: insert into complaints (category,created_at,description,priority,status,title,id) values (?,?,?,?,?,?,default)
Hibernate: select c1_0.id,c1_0.category,c1_0.created_at,c1_0.description,c1_0.priority,c1_0.status,c1_0.title from complaints c1_0
Hibernate: select c1_0.id,c1_0.category,c1_0.created_at,c1_0.description,c1_0.priority,c1_0.status,c1_0.title from complaints c1_0
Hibernate: select c1_0.id,c1_0.category,c1_0.created_at,c1_0.description,c1_0.priority,c1_0.status,c1_0.title from complaints c1_0
Hibernate: select c1_0.id,c1_0.category,c1_0.created_at,c1_0.description,c1_0.priority,c1_0.status,c1_0.title from complaints c1_0
Hibernate: select c1_0.id,c1_0.category,c1_0.created_at,c1_0.description,c1_0.priority,c1_0.status,c1_0.title from complaints c1_0
Hibernate: select c1_0.id,c1_0.category,c1_0.created_at,c1_0.description,c1_0.priority,c1_0.status,c1_0.title from complaints c1_0
